 
****************************************
Report : net
Design : up_down_counter
Version: W-2024.09
Date   : Sun Apr  5 05:01:22 2026
****************************************


Operating Conditions: ss0p7vn40c   Library: saed32rvt_ss0p7vn40c
Wire Load Model Mode: enclosed

Design        Wire Load Model            Library
------------------------------------------------
up_down_counter        ForQA             saed32rvt_ss0p7vn40c


Attributes:
   dr - drc disabled

Net
 Fanout    Fanin     Load      LoadUR    LoadUF    LoadLR    LoadLF    Resist    Pins      Attr
-----------------------------------------------------------------------------------------------
Clock
      4         1        3.24      3.76      3.42      3.05      3.03      0.09       5    dr
N14
      1         1        0.65      0.77      0.68      0.60      0.60      0.02       2    
N15
      1         1        0.65      0.77      0.68      0.60      0.60      0.02       2    
N16
      1         1        0.65      0.77      0.68      0.60      0.60      0.02       2    
count[0]
      4         1        2.35      2.52      2.42      2.30      2.29      0.09       5    
count[1]
      4         1        2.32      2.59      2.40      2.25      2.24      0.09       5    
count[2]
      3         1        2.06      2.27      2.11      1.99      1.98      0.07       4    
count[3]
      2         1        1.37      1.51      1.39      1.33      1.31      0.04       3    
n9
      4         1        4.80      4.79      5.19      4.63      4.69      0.09       5    
n10
      1         1        1.06      1.21      1.13      1.00      0.99      0.02       2    
n11
      1         1        1.06      1.21      1.13      1.00      0.99      0.02       2    
n12
      2         1        1.33      1.50      1.41      1.28      1.28      0.04       3    
n13
      1         1        0.60      0.74      0.63      0.57      0.57      0.02       2    
n14
      1         1        1.06      1.21      1.13      1.00      0.99      0.02       2    
n15
      4         1        2.83      3.26      2.96      2.70      2.68      0.09       5    
n16
      3         1        2.03      2.33      2.14      1.95      1.94      0.07       4    
n17
      1         1        0.63      0.70      0.66      0.61      0.61      0.02       2    
rst
      1         1        0.67      0.82      0.73      0.62      0.61      0.02       2    
up_down
      4         1        3.32      3.82      3.48      3.15      3.11      0.09       5    
-----------------------------------------------------------------------------------------------
Total 19 nets
     43        19       32.70     36.58     34.38     31.25     31.08      0.94      62
Maximum
      4         1        4.80      4.79      5.19      4.63      4.69      0.09       5
Average
   2.26      1.00        1.72      1.93      1.81      1.64      1.64      0.05    3.26
1
